---
source: tests/test_lib.rs
expression: something()
---
Hello, world!
